// Jest Snapshot v1, https://goo.gl/fbAQLP

exports[`Teste de registro Register renderizada corretamente 1`] = `
<div
  className="MuiBox-root css-1o0ed15"
>
  <div
    className="MuiStack-root css-ph9haw-MuiStack-root"
  >
    <div
      className="MuiPaper-root MuiPaper-elevation MuiPaper-rounded MuiPaper-elevation0 MuiCard-root css-wjismy-MuiPaper-root-MuiCard-root"
    >
      <h3
        className="MuiTypography-root MuiTypography-h3 css-8jown4-MuiTypography-root"
      >
        Registrar-se
      </h3>
      <p
        className="MuiTypography-root MuiTypography-body2 css-w5whsq-MuiTypography-root"
      >
        Crie o seu perfil Progredir
      </p>
      <form
        action="#"
        onReset={[Function]}
        onSubmit={[Function]}
      >
        <div
          className="MuiStack-root css-v2woy3-MuiStack-root"
        >
          <div
            className="MuiFormControl-root MuiTextField-root css-1eq0ymp-MuiFormControl-root-MuiTextField-root"
          >
            <label
              className="MuiFormLabel-root MuiInputLabel-root MuiInputLabel-formControl MuiInputLabel-animated MuiInputLabel-sizeMedium MuiInputLabel-filled MuiFormLabel-colorPrimary MuiInputLabel-root MuiInputLabel-formControl MuiInputLabel-animated MuiInputLabel-sizeMedium MuiInputLabel-filled css-bmx3g7-MuiFormLabel-root-MuiInputLabel-root"
              data-shrink={false}
              htmlFor="email"
              id="email-label"
            >
              Email
            </label>
            <div
              className="MuiInputBase-root MuiFilledInput-root MuiFilledInput-underline MuiInputBase-colorPrimary MuiInputBase-formControl css-rwt5ya-MuiInputBase-root-MuiFilledInput-root"
              onClick={[Function]}
              variant="filled"
            >
              <input
                aria-invalid={false}
                autoFocus={false}
                className="MuiInputBase-input MuiFilledInput-input css-andsdq-MuiInputBase-input-MuiFilledInput-input"
                disabled={false}
                id="email"
                name="email"
                onAnimationStart={[Function]}
                onBlur={[Function]}
                onChange={[Function]}
                onFocus={[Function]}
                placeholder="Email"
                required={false}
                type="text"
                value=""
              />
            </div>
          </div>
          <div
            className="MuiFormControl-root MuiTextField-root css-1eq0ymp-MuiFormControl-root-MuiTextField-root"
          >
            <label
              className="MuiFormLabel-root MuiInputLabel-root MuiInputLabel-formControl MuiInputLabel-animated MuiInputLabel-sizeMedium MuiInputLabel-filled MuiFormLabel-colorPrimary MuiInputLabel-root MuiInputLabel-formControl MuiInputLabel-animated MuiInputLabel-sizeMedium MuiInputLabel-filled css-bmx3g7-MuiFormLabel-root-MuiInputLabel-root"
              data-shrink={false}
              htmlFor="name"
              id="name-label"
            >
              Nome
            </label>
            <div
              className="MuiInputBase-root MuiFilledInput-root MuiFilledInput-underline MuiInputBase-colorPrimary MuiInputBase-formControl css-rwt5ya-MuiInputBase-root-MuiFilledInput-root"
              onClick={[Function]}
              variant="filled"
            >
              <input
                aria-invalid={false}
                autoFocus={false}
                className="MuiInputBase-input MuiFilledInput-input css-andsdq-MuiInputBase-input-MuiFilledInput-input"
                disabled={false}
                id="name"
                name="name"
                onAnimationStart={[Function]}
                onBlur={[Function]}
                onChange={[Function]}
                onFocus={[Function]}
                placeholder="Nome"
                required={false}
                type="text"
                value=""
              />
            </div>
          </div>
          <div
            className="MuiFormControl-root MuiTextField-root css-1eq0ymp-MuiFormControl-root-MuiTextField-root"
          >
            <label
              className="MuiFormLabel-root MuiInputLabel-root MuiInputLabel-formControl MuiInputLabel-animated MuiInputLabel-sizeMedium MuiInputLabel-filled MuiFormLabel-colorPrimary MuiInputLabel-root MuiInputLabel-formControl MuiInputLabel-animated MuiInputLabel-sizeMedium MuiInputLabel-filled css-bmx3g7-MuiFormLabel-root-MuiInputLabel-root"
              data-shrink={false}
              htmlFor="password"
              id="password-label"
            >
              Senha
            </label>
            <div
              className="MuiInputBase-root MuiFilledInput-root MuiFilledInput-underline MuiInputBase-colorPrimary MuiInputBase-formControl MuiInputBase-adornedEnd css-jundqn-MuiInputBase-root-MuiFilledInput-root"
              onClick={[Function]}
              variant="filled"
            >
              <input
                aria-invalid={false}
                autoFocus={false}
                className="MuiInputBase-input MuiFilledInput-input MuiInputBase-inputAdornedEnd css-9f3xj7-MuiInputBase-input-MuiFilledInput-input"
                disabled={false}
                id="password"
                name="password"
                onAnimationStart={[Function]}
                onBlur={[Function]}
                onChange={[Function]}
                onFocus={[Function]}
                placeholder="Senha"
                required={false}
                type="password"
                value=""
              />
              <div
                className="MuiInputAdornment-root MuiInputAdornment-positionEnd MuiInputAdornment-filled MuiInputAdornment-sizeMedium css-10649of-MuiInputAdornment-root"
              >
                <button
                  className="MuiButtonBase-root MuiIconButton-root MuiIconButton-edgeEnd MuiIconButton-sizeMedium css-17krgaq-MuiButtonBase-root-MuiIconButton-root"
                  disabled={false}
                  onBlur={[Function]}
                  onClick={[Function]}
                  onContextMenu={[Function]}
                  onDragLeave={[Function]}
                  onFocus={[Function]}
                  onKeyDown={[Function]}
                  onKeyUp={[Function]}
                  onMouseDown={[Function]}
                  onMouseLeave={[Function]}
                  onMouseUp={[Function]}
                  onTouchEnd={[Function]}
                  onTouchMove={[Function]}
                  onTouchStart={[Function]}
                  tabIndex={0}
                  type="button"
                >
                  <span />
                </button>
              </div>
            </div>
          </div>
          <div
            className="MuiFormControl-root MuiTextField-root css-1eq0ymp-MuiFormControl-root-MuiTextField-root"
          >
            <label
              className="MuiFormLabel-root MuiInputLabel-root MuiInputLabel-formControl MuiInputLabel-animated MuiInputLabel-sizeMedium MuiInputLabel-filled MuiFormLabel-colorPrimary MuiInputLabel-root MuiInputLabel-formControl MuiInputLabel-animated MuiInputLabel-sizeMedium MuiInputLabel-filled css-bmx3g7-MuiFormLabel-root-MuiInputLabel-root"
              data-shrink={false}
              htmlFor="passwordConfirmation"
              id="passwordConfirmation-label"
            >
              Confirmação de Senha
            </label>
            <div
              className="MuiInputBase-root MuiFilledInput-root MuiFilledInput-underline MuiInputBase-colorPrimary MuiInputBase-formControl MuiInputBase-adornedEnd css-jundqn-MuiInputBase-root-MuiFilledInput-root"
              onClick={[Function]}
              variant="filled"
            >
              <input
                aria-invalid={false}
                autoFocus={false}
                className="MuiInputBase-input MuiFilledInput-input MuiInputBase-inputAdornedEnd css-9f3xj7-MuiInputBase-input-MuiFilledInput-input"
                disabled={false}
                id="passwordConfirmation"
                name="passwordConfirmation"
                onAnimationStart={[Function]}
                onBlur={[Function]}
                onChange={[Function]}
                onFocus={[Function]}
                placeholder="Confirmação de Senha"
                required={false}
                type="password"
                value=""
              />
              <div
                className="MuiInputAdornment-root MuiInputAdornment-positionEnd MuiInputAdornment-filled MuiInputAdornment-sizeMedium css-10649of-MuiInputAdornment-root"
              >
                <button
                  className="MuiButtonBase-root MuiIconButton-root MuiIconButton-edgeEnd MuiIconButton-sizeMedium css-17krgaq-MuiButtonBase-root-MuiIconButton-root"
                  disabled={false}
                  onBlur={[Function]}
                  onClick={[Function]}
                  onContextMenu={[Function]}
                  onDragLeave={[Function]}
                  onFocus={[Function]}
                  onKeyDown={[Function]}
                  onKeyUp={[Function]}
                  onMouseDown={[Function]}
                  onMouseLeave={[Function]}
                  onMouseUp={[Function]}
                  onTouchEnd={[Function]}
                  onTouchMove={[Function]}
                  onTouchStart={[Function]}
                  tabIndex={0}
                  type="button"
                >
                  <span />
                </button>
              </div>
            </div>
          </div>
        </div>
        <div
          className="mt-2"
        />
        <label
          className="MuiFormControlLabel-root MuiFormControlLabel-labelPlacementEnd css-txgl9-MuiFormControlLabel-root"
        >
          <span
            className="MuiButtonBase-root MuiCheckbox-root MuiCheckbox-colorPrimary MuiCheckbox-sizeMedium PrivateSwitchBase-root MuiCheckbox-root MuiCheckbox-colorPrimary MuiCheckbox-sizeMedium MuiCheckbox-root MuiCheckbox-colorPrimary MuiCheckbox-sizeMedium css-1cu7bhi-MuiButtonBase-root-MuiCheckbox-root"
            onBlur={[Function]}
            onContextMenu={[Function]}
            onDragLeave={[Function]}
            onFocus={[Function]}
            onKeyDown={[Function]}
            onKeyUp={[Function]}
            onMouseDown={[Function]}
            onMouseLeave={[Function]}
            onMouseUp={[Function]}
            onTouchEnd={[Function]}
            onTouchMove={[Function]}
            onTouchStart={[Function]}
            tabIndex={null}
          >
            <input
              checked={false}
              className="PrivateSwitchBase-input css-1m9pwf3"
              data-indeterminate={false}
              id="toggle"
              name="toggle"
              onChange={[Function]}
              required={false}
              type="checkbox"
            />
            <svg
              aria-hidden={true}
              className="MuiSvgIcon-root MuiSvgIcon-fontSizeMedium css-i4bv87-MuiSvgIcon-root"
              data-testid="CheckBoxOutlineBlankIcon"
              focusable="false"
              viewBox="0 0 24 24"
            >
              <path
                d="M19 5v14H5V5h14m0-2H5c-1.1 0-2 .9-2 2v14c0 1.1.9 2 2 2h14c1.1 0 2-.9 2-2V5c0-1.1-.9-2-2-2z"
              />
            </svg>
          </span>
          <p
            className="MuiTypography-root MuiTypography-body1 css-hjr1b1-MuiTypography-root"
          >
            Estou ciente e concordo com o
            <a
              className="MuiTypography-root MuiTypography-inherit MuiLink-root MuiLink-underlineAlways css-1qx9wka-MuiTypography-root-MuiLink-root"
              href="#"
              onBlur={[Function]}
              onClick={[Function]}
              onFocus={[Function]}
            >
              Termo de Uso
            </a>
            e
            <a
              className="MuiTypography-root MuiTypography-inherit MuiLink-root MuiLink-underlineAlways css-1qx9wka-MuiTypography-root-MuiLink-root"
              href="#"
              onBlur={[Function]}
              onClick={[Function]}
              onFocus={[Function]}
            >
              Aviso de Privacidade
            </a>
          </p>
        </label>
        <button
          className="MuiButtonBase-root MuiButton-root MuiLoadingButton-root MuiButton-contained MuiButton-containedPrimary MuiButton-sizeLarge MuiButton-containedSizeLarge MuiButton-colorPrimary MuiButton-fullWidth MuiButton-root MuiLoadingButton-root MuiButton-contained MuiButton-containedPrimary MuiButton-sizeLarge MuiButton-containedSizeLarge MuiButton-colorPrimary MuiButton-fullWidth css-1p1ddem-MuiButtonBase-root-MuiButton-root-MuiLoadingButton-root"
          disabled={false}
          id=":r4:"
          onBlur={[Function]}
          onClick={[Function]}
          onContextMenu={[Function]}
          onDragLeave={[Function]}
          onFocus={[Function]}
          onKeyDown={[Function]}
          onKeyUp={[Function]}
          onMouseDown={[Function]}
          onMouseLeave={[Function]}
          onMouseUp={[Function]}
          onTouchEnd={[Function]}
          onTouchMove={[Function]}
          onTouchStart={[Function]}
          tabIndex={0}
          type="submit"
        >
          Registrar
        </button>
      </form>
      <a
        className="MuiButtonBase-root MuiButton-root MuiButton-outlined MuiButton-outlinedPrimary MuiButton-sizeMedium MuiButton-outlinedSizeMedium MuiButton-colorPrimary MuiButton-root MuiButton-outlined MuiButton-outlinedPrimary MuiButton-sizeMedium MuiButton-outlinedSizeMedium MuiButton-colorPrimary css-1cbccbr-MuiButtonBase-root-MuiButton-root"
        href="/parceiro_login"
        onBlur={[Function]}
        onContextMenu={[Function]}
        onDragLeave={[Function]}
        onFocus={[Function]}
        onKeyDown={[Function]}
        onKeyUp={[Function]}
        onMouseDown={[Function]}
        onMouseLeave={[Function]}
        onMouseUp={[Function]}
        onTouchEnd={[Function]}
        onTouchMove={[Function]}
        onTouchStart={[Function]}
        tabIndex={0}
      >
        Já possuo conta
      </a>
      <div />
      <div />
    </div>
  </div>
</div>
`;
